// Jest Snapshot v1, https://goo.gl/fbAQLP

exports[`Footer Footer component should render without throwing an error 1`] = `
<div
  className="footer"
>
  <footer>
    <p>
      FlyBetter | Copyright Â© 
      2021
      . All right reserved.
    </p>
  </footer>
</div>
`;
